Sales and Marketing
Top executives
Chief executives
General and operations managers
Advertising, marketing, promotions, public relations,and sales managers
Advertising and promotions managers
Marketing and sales managers
Marketing managers
Sales managers
Public relations and fundraising managers
Operations specialties managers
Administrative services managers
Computer and information systems managers
Financial managers
Industrial production managers
Purchasing managers
Transportation, storage, and distribution managers
Compensation and benefits managers
Human resources managers
Training and development managers
Other management occupations
Farmers, ranchers, and other agricultural managers
Construction managers
Education administrators
Architectural and engineering managers
Food service managers
Funeral service managers
Gaming managers
Lodging managers
Medical and health services managers
Natural sciences managers
Postmasters and mail superintendents
Property, real estate, and community association managers
Social and community service managers
Emergency management directors
Managers
Business operations specialists
Agents and business managers of artists, performers, and athletes
Buyers and purchasing agents
Buyers and purchasing agents, farm products
Wholesale and retail buyers, except farm products
Purchasing agents, except wholesale, retail, and farm products
Claims adjusters, appraisers, examiners, and investigators
Claims adjusters, examiners, and investigators
Insurance appraisers, auto damage
Compliance officers
Cost estimators
Human resources workers
Human resources specialists
Farm labor contractors
Labor relations specialists
Logisticians
Management analysts
Meeting, convention, and event planners
Fundraisers
Compensation, benefits, and job analysis specialists
Training and development specialists
Market research analysts and marketing specialists
Business operations specialists, all other
Financial specialists
Accountants and auditors
Appraisers and assessors of real estate
Budget analysts
Credit analysts
Financial analysts and advisors
Financial analysts
Personal financial advisors
Insurance underwriters
Financial examiners
Credit counselors and loan officers
Credit counselors
Revenue agents
Tax examiners and collectors, and revenue agents
Tax preparers
Financial specialists, all other
Computer occupations
Computer and information research scientists
Computer and information analysts
Computer systems analysts
Information security analysts
Software developers and programmers
Computer programmers
Software developers, applications
Software developers, systems software
Web developers
Database and systems administrators and network architects
Database administrators
Network and computer systems administrators
Computer network architects
Computer support specialists
Computer user support specialists
Computer network support specialists
Computer occupations, all other
Mathematical science occupations
Actuaries
Mathematicians
Operations research analysts
Statisticians
Miscellaneous mathematical science occupations
Mathematical technicians
Mathematical science occupations, all other
Architects, surveyors, and cartographers
Architects, except naval
Architects, except landscape and naval
Landscape architects
Surveyors, cartographers, and photogrammetrists
Cartographers and photogrammetrists
Surveyors
Engineers
Aerospace engineers
Agricultural engineers
Biomedical engineers
Chemical engineers
Civil engineers
Computer hardware engineers
Electrical and electronics engineers
Electrical engineers
Electronics engineers, except computer
Environmental engineers
Industrial engineers, including health and safety
Health and safety engineers, except mining safety engineers and inspectors
Industrial engineers
Marine engineers and naval architects
Materials engineers
Mechanical engineers
Mining and geological engineers, including mining safety engineers
Nuclear engineers
Petroleum engineers
Engineers, all other
Drafters, engineering technicians, and mapping technicians
Drafters
Architectural and civil drafters
Electrical and electronics drafters
Mechanical drafters
Drafters, all other
Engineering technicians, except drafters
Aerospace engineering and operations technicians
Civil engineering technicians
Electrical and electronics engineering technicians
Environmental engineering technicians
Industrial engineering technicians
Mechanical engineering technicians
Engineering technicians, except drafters, all other
Surveying and mapping technicians
Life scientists
Agricultural and food scientists
Animal scientists
Food scientists and technologists
Soil and plant scientists
Biological scientists
Biochemists and biophysicists
Microbiologists
Zoologists and wildlife biologists
Biological scientists, all other
Conservation scientists and foresters
Conservation scientists
Foresters
Medical scientists
Epidemiologists
Medical scientists, except epidemiologists
Life scientists, all other
Physical scientists
Astronomers and physicists
Astronomers
Physicists
Atmospheric and space scientists
Chemists and materials scientists
Chemists
Materials scientists
Environmental scientists and geoscientists
Environmental scientists and specialists, including health
Geoscientists, except hydrologists and geographers
Hydrologists
Physical scientists, all other
Social scientists and related workers
Economists
Survey researchers
Psychologists
Clinical, counseling, and school psychologists
Psychologists, all other
Sociologists
Urban and regional planners
Miscellaneous social scientists and related workers
Anthropologists and archeologists
Geographers
Historians
Political scientists
Social scientists and related workers, all other
Life, physical, and social science technicians
Agricultural and food science technicians
Biological technicians
Chemical technicians
Geological and petroleum technicians
Nuclear technicians
Social science research assistants
Miscellaneous life, physical, and social science technicians
Environmental science and protection technicians, including health
Forensic science technicians
Forest and conservation technicians
Life, physical, and social science technicians, all other
Counselors, social workers, and other community and social service specialists
Counselors
Substance abuse and behavioral disorder counselors
Educational, guidance, school, and vocational counselors
Marriage and family therapists
Mental health counselors
Rehabilitation counselors
Counselors, all other
Social workers
Child, family, and school social workers
Healthcare social workers
Mental health and substance abuse social workers
Social workers, all other
Miscellaneous community and social service specialists
Health educators
Probation officers and correctional treatment specialists
Social and human service assistants
Community health workers
Community and social service specialists, all other
Religious workers
Clergy
Directors, religious activities and education
Religious workers, all other
Legal occupations
Lawyers, judges, and related workers
Lawyers and judicial law clerks
Lawyers
Judicial law clerks
Judges, magistrates, and other judicial workers
Administrative law judges, adjudicators, and hearing officers
Arbitrators, mediators, and conciliators
Judges, magistrate judges, and magistrates
Legal support workers
Paralegals and legal assistants
Miscellaneous legal support workers
Court reporters
Title examiners, abstractors, and searchers
Legal support workers, all other
Education, training, and library occupations
Postsecondary teachers
Business teachers, postsecondary
Math and computer teachers, postsecondary
Computer science teachers, postsecondary
Mathematical science teachers, postsecondary
Engineering and architecture teachers, postsecondary
Architecture teachers, postsecondary
Engineering teachers, postsecondary
Life sciences teachers, postsecondary
Agricultural sciences teachers, postsecondary
Biological science teachers, postsecondary
Forestry and conservation science teachers, postsecondary
Physical sciences teachers, postsecondary
Atmospheric, earth, marine, and space sciences teachers, postsecondary
Chemistry teachers, postsecondary
Environmental science teachers, postsecondary
Physics teachers, postsecondary
Social sciences teachers, postsecondary
Anthropology and archeology teachers, postsecondary
Area, ethnic, and cultural studies teachers, postsecondary
Economics teachers, postsecondary
Geography teachers, postsecondary
Political science teachers, postsecondary
Psychology teachers, postsecondary
Sociology teachers, postsecondary
Social sciences teachers, postsecondary, all other
Health teachers, postsecondary
Health specialties teachers, postsecondary
Nursing instructors and teachers, postsecondary
Education and library science teachers, postsecondary
Education teachers, postsecondary
Library science teachers, postsecondary
Law, criminal justice, and social work teachers, postsecondary
Criminal justice and law enforcement teachers, postsecondary
Law teachers, postsecondary
Social work teachers, postsecondary
Arts, communications, and humanities teachers, postsecondary
Art, drama, and music teachers, postsecondary
Communications teachers, postsecondary
English language and literature teachers, postsecondary
Foreign language and literature teachers, postsecondary
History teachers, postsecondary
Philosophy and religion teachers, postsecondary
Miscellaneous postsecondary teachers
Graduate teaching assistants
Home economics teachers, postsecondary
Recreation and fitness studies teachers, postsecondary
Vocational education teachers, postsecondary
Postsecondary teachers, all other
Preschool, primary, secondary, and special education school teachers
Preschool and kindergarten teachers
Preschool teachers, except special education
Kindergarten teachers, except special education
Elementary and middle school teachers
Elementary school teachers, except special education
Middle school teachers, except special and career/technicaleducation
Career/technicaleducation teachers, middle school
Secondary school teachers
Secondary school teachers, except special and career/technicaleducation
Career/technicaleducation teachers, secondary school
Special education teachers
Special education teachers, preschool
Special education teachers, kindergarten and elementary school
Special education teachers, middle school
Special education teachers, secondary school
Special education teachers, all other
Other teachers and instructors
Adult basic and secondary education and literacy teachers and instructors
Self-enrichmenteducation teachers
Miscellaneous teachers and instructors
Substitute teachers
Teachers and instructors, all other, except substitute teachers
Librarians, curators, and archivists
Archivists, curators, and museum technicians
Archivists
Curators
Museum technicians and conservators
Librarians
Library technicians
Other education, training, and library occupations
Audio-visualand multimedia collections specialists
Farm and home management advisors
Instructional coordinators
Teacher assistants
Education, training, and library workers, all other
Arts, design, entertainment, sports, and media occupations
Art and design workers
Artists and related workers
Art directors
Craft artists
Fine artists, including painters, sculptors, and illustrators
Multimedia artists and animators
Artists and related workers, all other
Designers
Commercial and industrial designers
Fashion designers
Floral designers
Graphic designers
Interior designers
Merchandise displayers and window trimmers
Set and exhibit designers
Designers, all other
Entertainers and performers, sports and related workers
Actors, producers, and directors
Actors
Producers and directors
Athletes, coaches, umpires, and related workers
Athletes and sports competitors
Coaches and scouts
Umpires, referees, and other sports officials
Dancers and choreographers
Dancers
Choreographers
Musicians, singers, and related workers
Music directors and composers
Musicians and singers
Entertainers and performers, sports and related workers, all other
Media and communication workers
Announcers
Radio and television announcers
Public address system and other announcers
News analysts, reporters and correspondents
Broadcast news analysts
Reporters and correspondents
Public relations specialists
Writers and editors
Editors
Technical writers
Writers and authors
Miscellaneous media and communication workers
Interpreters and translators
Media and communication workers, all other
Media and communication equipment workers
Broadcast and sound engineering technicians and radio operators
Audio and video equipment technicians
Broadcast technicians
Radio operators
Sound engineering technicians
Photographers
Television, video, and motion picture camera operators and editors
Camera operators, television, video, and motion picture
Film and video editors
Media and communication equipment workers, all other
Healthcare practitioners and technical occupations
Health diagnosing and treating practitioners
Chiropractors
Dentists
Dentists, general
Oral and maxillofacial surgeons
Orthodontists
Prosthodontists
Dentists, all other specialists
Dietitians and nutritionists
Optometrists
Pharmacists
Physicians and surgeons
Anesthesiologists
Family and general practitioners
Internists, general
Obstetricians and gynecologists
Pediatricians, general
Psychiatrists
Surgeons
Physicians and surgeons, all other
Physician assistants
Podiatrists
Therapists
Occupational therapists
Physical therapists
Radiation therapists
Recreational therapists
Respiratory therapists
Speech-languagepathologists
Exercise physiologists
Therapists, all other
Veterinarians
Registered nurses
Nurse anesthetists
Nurse midwives
Nurse practitioners
Audiologists
Health diagnosing and treating practitioners, all other
Health technologists and technicians
Clinical laboratory technologists and technicians
Medical and clinical laboratory technologists
Medical and clinical laboratory technicians
Dental hygienists
Diagnostic related technologists and technicians
Cardiovascular technologists and technicians
Diagnostic medical sonographers
Nuclear medicine technologists
Radiologic technologists
Magnetic resonance imaging technologists
Emergency medical technicians and paramedics
Health practitioner support technologists and technicians
Dietetic technicians
Pharmacy technicians
Psychiatric technicians
Respiratory therapy technicians
Surgical technologists
Veterinary technologists and technicians
Ophthalmic medical technicians
Licensed practical and licensed vocational nurses
Medical records and health information technicians
Opticians, dispensing
Miscellaneous health technologists and technicians
Orthotists and prosthetists
Hearing aid specialists
Health technologists and technicians, all other
Other healthcare practitioners and technical occupations
Occupational health and safety specialists and technicians
Occupational health and safety specialists
Occupational health and safety technicians
Miscellaneous health practitioners and technical workers
Athletic trainers
Genetic counselors
Healthcare practitioners and technical workers, all other
Healthcare support occupations
Home health aides
Psychiatric aides
Nursing assistants
Orderlies
Occupational therapy and physical therapist assistants and aides
Occupational therapy assistants and aides
Occupational therapy assistants
Occupational therapy aides
Physical therapist assistants and aides
Physical therapist assistants
Physical therapist aides
Other healthcare support occupations
Massage therapists
Miscellaneous healthcare support occupations
Dental assistants
Medical assistants
Medical equipment preparers
Medical transcriptionists
Pharmacy aides
Veterinary assistants and laboratory animal caretakers
Phlebotomists
Healthcare support workers, all other
Protective service occupations
Supervisors of protective service workers
Fire fighting and prevention workers
Firefighters
Fire inspectors
Fire inspectors and investigators
Forest fire inspectors and prevention specialists
Law enforcement workers
Bailiffs, correctional officers, and jailers
Bailiffs
Correctional officers and jailers
Detectives and criminal investigators
Fish and game wardens
Parking enforcement workers
Police officers
Transit and railroad police
Other protective service workers
Animal control workers
Private detectives and investigators
Security guards and gaming surveillance officers
Gaming surveillance officers and gaming investigators
Security guards
Miscellaneous protective service workers
Crossing guards
Lifeguards, ski patrol, and other recreational protective service workers
Transportation security screeners
Protective service workers, all other
Food preparation and serving related occupations
Supervisors of food preparation and serving workers
Chefs and head cooks
Cooks and food preparation workers
Cooks
Cooks, fast food
Cooks, institution and cafeteria
Cooks, private household
Cooks, restaurant
Cooks, short order
Cooks, all other
Food preparation workers
Bartenders
Fast food and counter workers
Combined food preparation and serving workers, including fast food
Counter attendants, cafeteria, food concession, and coffee shop
Waiters and waitresses
Food servers, nonrestaurant
Other food preparation and serving related workers
Dining room and cafeteria attendants and bartender helpers
Dishwashers
Hosts and hostesses, restaurant, lounge, and coffee shop
Food preparation and serving related workers, all other
Supervisors of building and grounds cleaning and maintenance workers
Building cleaning and pest control workers
Building cleaning workers
Janitors and cleaners, except maids and housekeeping cleaners
Maids and housekeeping cleaners
Building cleaning workers, all other
Pest control workers
Grounds maintenance workers
Grounds maintenance workers
Landscaping and groundskeeping workers
Pesticide handlers, sprayers, and applicators, vegetation
Tree trimmers and pruners
Grounds maintenance workers, all other
Supervisors of personal care and service workers
Gaming supervisors
Slot supervisors
Animal care and service workers
Animal trainers
Nonfarm animal caretakers
Entertainment attendants and related workers
Gaming services workers
Gaming dealers
Gaming and sports book writers and runners
Gaming service workers, all other
Motion picture projectionists
Ushers, lobby attendants, and ticket takers
Miscellaneous entertainment attendants and related workers
Amusement and recreation attendants
Costume attendants
Locker room, coatroom, and dressing room attendants
Entertainment attendants and related workers, all other
Funeral service workers
Embalmers
Funeral attendants
Morticians, undertakers, and funeral directors
Personal appearance workers
Barbers, hairdressers, hairstylists and cosmetologists
Barbers
Hairdressers, hairstylists, and cosmetologists
Miscellaneous personal appearance workers
Makeup artists, theatrical and performance
Manicurists and pedicurists
Shampooers
Skincare specialists
Baggage porters and bellhops
Concierges
Tour and travel guides
Tour guides and escorts
Travel guides
Other personal care and service workers
Childcare workers
Personal care aides
Recreation and fitness workers
Fitness trainers and aerobics instructors
Recreation workers
Residential advisors
Personal care and service workers, all other
Supervisors of sales workers
Retail sales workers
Cashiers
Gaming change persons and booth cashiers
Counter and rental clerks
Parts salespersons
Retail salespersons
Sales representatives, services
Advertising sales agents
Insurance sales agents
Securities, commodities, and financial services sales agents
Travel agents
Sales representatives, services, all other
Models, demonstrators, and product promoters
Demonstrators and product promoters
Models
Real estate brokers
Real estate sales agents
Sales engineers
Telemarketers
Sales and related workers, all other
Communications equipment operators
Switchboard operators, including answering service
Telephone operators
Communications equipment operators, all other
Financial clerks
Bill and account collectors
Billing and posting clerks
Bookkeeping, accounting, and auditing clerks
Gaming cage workers
Payroll and timekeeping clerks
Procurement clerks
Tellers
Financial clerks, all other
Information and record clerks
Brokerage clerks
Correspondence clerks
Court, municipal, and license clerks
Credit authorizers, checkers, and clerks
Customer service representatives
Eligibility interviewers, government programs
File clerks
Hotel, motel, and resort desk clerks
Interviewers, except eligibility and loan
Library assistants, clerical
Loan interviewers and clerks
New accounts clerks
Order clerks
Human resources assistants, except payroll and timekeeping
Receptionists and information clerks
Reservation and transportation ticket agents and travel clerks
Information and record clerks, all other
Material recording, scheduling, dispatching, and distributing workers
Cargo and freight agents
Couriers and messengers
Dispatchers
Police, fire, and ambulance dispatchers
Dispatchers, except police, fire, and ambulance
Meter readers, utilities
Postal service workers
Postal service clerks
Postal service mail carriers
Postal service mail sorters, processors, and processing machine operators
Production, planning, and expediting clerks
Shipping, receiving, and traffic clerks
Stock clerks and order fillers
Weighers, measurers, checkers, and samplers, recordkeeping
Secretaries and administrative assistants
Secretaries and administrative assistants
Executive secretaries and executive administrative assistants
Legal secretaries
Medical secretaries
Secretaries and administrative assistants, except legal, medical, and executive
Other office and administrative support workers
Computer operators
Data entry and information processing workers
Data entry keyers
Word processors and typists
Desktop publishers
Insurance claims and policy processing clerks
Mail clerks and mail machine operators, except postal service
Office clerks, general
Office machine operators, except computer
Proofreaders and copy markers
Statistical assistants
Office and administrative support workers, all other
Agricultural workers
Agricultural inspectors
Animal breeders
Graders and sorters, agricultural products
Miscellaneous agricultural workers
Agricultural equipment operators
Farmworkers and laborers, crop, nursery, and greenhouse
Farmworkers, farm, ranch, and aquacultural animals
Agricultural workers, all other
Fishing and hunting workers
Fishers and related fishing workers
Forest, conservation, and logging workers
Forest and conservation workers
Logging workers
Fallers
Logging equipment operators
Log graders and scalers
Logging workers, all other
Construction trades workers
Boilermakers
Brickmasons and blockmasons
Stonemasons
Carpenters
Carpet, floor, and tile installers and finishers
Carpet installers
Floor layers, except carpet, wood, and hard tiles
Floor sanders and finishers
Tile and marble setters
Cement masons, concrete finishers, and terrazzo workers
Cement masons and concrete finishers
Terrazzo workers and finishers
Construction laborers
Construction equipment operators
Paving, surfacing, and tamping equipment operators
Pile-driveroperators
Operating engineers and other construction equipment operators
Drywall installers, ceiling tile installers, and tapers
Drywall and ceiling tile installers
Tapers
Electricians
Glaziers
Insulation workers
Painters and paperhangers
Painters, construction and maintenance
Paperhangers
Pipelayers
Plumbers, pipefitters, and steamfitters
Plasterers and stucco masons
Reinforcing iron and rebar workers
Roofers
Sheet metal workers
Structural iron and steel workers
Solar photovoltaic installers
Helpers, construction trades
Other construction and related workers
Construction and building inspectors
Elevator installers and repairers
Fence erectors
Hazardous materials removal workers
Highway maintenance workers
Rail-tracklaying and maintenance equipment operators
Septic tank servicers and sewer pipe cleaners
Miscellaneous construction and related workers
Segmental pavers
Construction and related workers, all other
Extraction workers
Derrick, rotary drill, and service unit operators, oil, gas, and mining
Derrick operators, oil and gas
Rotary drill operators, oil and gas
Service unit operators, oil, gas, and mining
Earth drillers, except oil and gas
Explosives workers, ordnance handling experts, and blasters
Mining machine operators
Continuous mining machine operators
Mine cutting and channeling machine operators
Mining machine operators, all other
Rock splitters, quarry
Roof bolters, mining
Roustabouts, oil and gas
Extraction workers, all other
Electrical and electronic equipment mechanics, installers, and repairers
Computer, automated teller, and office machine repairers
Radio and telecommunications equipment installers and repairers
Radio, cellular, and tower equipment installers and repairers
Telecommunications equipment installers and repairers, except line installers
Avionics technicians
Electric motor, power tool, and related repairers
Electrical and electronics installers and repairers, transportation equipment
Electrical and electronics repairers, commercial and industrial equipment
Electrical and electronics repairers, powerhouse, substation, and relay
Electronic equipment installers and repairers, motor vehicles
Electronic home entertainment equipment installers and repairers
Security and fire alarm systems installers
Vehicle and mobile equipment mechanics, installers, and repairers
Aircraft mechanics and service technicians
Automotive technicians and repairers
Automotive body and related repairers
Automotive glass installers and repairers
Automotive service technicians and mechanics
Bus and truck mechanics and diesel engine specialists
Heavy vehicle and mobile equipment service technicians and mechanics
Farm equipment mechanics and service technicians
Mobile heavy equipment mechanics, except engines
Rail car repairers
Small engine mechanics
Motorboat mechanics and service technicians
Motorcycle mechanics
Outdoor power equipment and other small engine mechanics
Miscellaneous vehicle and mobile equipment mechanics, installers, and repairers
Bicycle repairers
Recreational vehicle service technicians
Tire repairers and changers
Other installation, maintenance, and repair occupations
Control and valve installers and repairers
Mechanical door repairers
Control and valve installers and repairers, except mechanical door
Heating, air conditioning, and refrigeration mechanics and installers
Home appliance repairers
Industrial machinery installation, repair, and maintenance workers
Industrial machinery mechanics
Maintenance workers, machinery
Millwrights
Refractory materials repairers, except brickmasons
Line installers and repairers
Telecommunications line installers and repairers
Precision instrument and equipment repairers
Camera and photographic equipment repairers
Medical equipment repairers
Musical instrument repairers and tuners
Watch repairers
Precision instrument and equipment repairers, all other
Maintenance and repair workers, general
Wind turbine service technicians
Miscellaneous installation, maintenance, and repair workers
Coin, vending, and amusement machine servicers and repairers
Commercial divers
Fabric menders, except garment
Locksmiths and safe repairers
Manufactured building and mobile home installers
Riggers
Signal and track switch repairers
Installation, maintenance, and repair workers, all other
Production occupations
Supervisors of production workers
Assemblers and fabricators
Aircraft structure, surfaces, rigging, and systems assemblers
Electrical, electronics, and electromechanical assemblers
Coil winders, tapers, and finishers
Electrical and electronic equipment assemblers
Electromechanical equipment assemblers
Engine and other machine assemblers
Structural metal fabricators and fitters
Miscellaneous assemblers and fabricators
Fiberglass laminators and fabricators
Team assemblers
Timing device assemblers and adjusters
Assemblers and fabricators, all other
Food processing workers
Bakers
Butchers and other meat, poultry, and fish processing workers
Butchers and meat cutters
Meat, poultry, and fish cutters and trimmers
Slaughterers and meat packers
Miscellaneous food processing workers
Food and tobacco roasting, baking, and drying machine operators and tenders
Food batchmakers
Food cooking machine operators and tenders
Food processing workers, all other
Metal workers and plastic workers
Computer control programmers and operators
Computer numerically controlled machine tool programmers, metal and plastic
Forming machine setters, operators, and tenders, metal and plastic
Extruding and drawing machine setters, operators, and tenders, metal and plastic
Forging machine setters, operators, and tenders, metal and plastic
Rolling machine setters, operators, and tenders, metal and plastic
Machine tool cutting setters, operators, and tenders, metal and plastic
Milling and planing machine setters, operators, and tenders, metal and plastic
Machinists
Pourers and casters, metal
Model makers and patternmakers, metal and plastic
Model makers, metal and plastic
Patternmakers, metal and plastic
Molders and molding machine setters, operators, and tenders, metal and plastic
Foundry mold and coremakers
Multiple machine tool setters, operators, and tenders, metal and plastic
Tool and die makers
Welding, soldering, and brazing workers
Welders, cutters, solderers, and brazers
Welding, soldering, and brazing machine setters, operators, and tenders
Miscellaneous metal workers and plastic workers
Heat treating equipment setters, operators, and tenders, metal and plastic
Layout workers, metal and plastic
Plating and coating machine setters, operators, and tenders, metal and plastic
Tool grinders, filers, and sharpeners
Metal workers and plastic workers, all other
Printing workers
Printing workers
Prepress technicians and workers
Printing press operators
Print binding and finishing workers
Textile, apparel, and furnishings workers
Laundry and dry-cleaning workers
Pressers, textile, garment, and related materials
Sewing machine operators
Shoe and leather workers
Shoe and leather workers and repairers
Shoe machine operators and tenders
Tailors, dressmakers, and sewers
Sewers, hand
Tailors, dressmakers, and custom sewers
Textile machine setters, operators, and tenders
Textile bleaching and dyeing machine operators and tenders
Textile cutting machine setters, operators, and tenders
Textile knitting and weaving machine setters, operators, and tenders
Textile winding, twisting, and drawing out machine setters, operators, and tenders      27,440       12
Miscellaneous textile, apparel, and furnishings workers
Fabric and apparel patternmakers
Upholsterers
Textile, apparel, and furnishings workers, all other
Woodworkers
Cabinetmakers and bench carpenters
Furniture finishers
Model makers, wood
Patternmakers, wood
Woodworking machine setters, operators, and tenders
Sawing machine setters, operators, and tenders, wood
Woodworking machine setters, operators, and tenders, except sawing
Woodworkers, all other
Plant and system operators
Power plant operators, distributors, and dispatchers
Nuclear power reactor operators
Power distributors and dispatchers
Power plant operators
Stationary engineers and boiler operators
Water and wastewater treatment plant and system operators
Miscellaneous plant and system operators
Chemical plant and system operators
Gas plant operators
Petroleum pump system operators, refinery operators, and gaugers
Plant and system operators, all other
Other production occupations
Chemical processing machine setters, operators, and tenders
Chemical equipment operators and tenders
Crushing, grinding, polishing, mixing, and blending workers
Grinding and polishing workers, hand
Mixing and blending machine setters, operators, and tenders
Cutting workers
Cutters and trimmers, hand
Cutting and slicing machine setters, operators, and tenders
Furnace, kiln, oven, drier, and kettle operators and tenders
Inspectors, testers, sorters, samplers, and weighers
Jewelers and precious stone and metal workers
Medical, dental, and ophthalmic laboratory technicians
Dental laboratory technicians
Medical appliance technicians
Ophthalmic laboratory technicians
Packaging and filling machine operators and tenders
Painting workers
Coating, painting, and spraying machine setters, operators, and tenders
Painters, transportation equipment
Painting, coating, and decorating workers
Semiconductor processors
Photographic process workers and processing machine operators
Miscellaneous production workers
Adhesive bonding machine operators and tenders
Cleaning, washing, and metal pickling equipment operators and tenders
Cooling and freezing equipment operators and tenders
Etchers and engravers
Molders, shapers, and casters, except metal and plastic
Paper goods machine setters, operators, and tenders
Tire builders
Production workers, all other
Transportation and material moving occupations
Supervisors of transportation and material moving workers
Aircraft cargo handling supervisors
Air transportation workers
Aircraft pilots and flight engineers
Airline pilots, copilots, and flight engineers
Commercial pilots
Air traffic controllers and airfield operations specialists
Air traffic controllers
Airfield operations specialists
Flight attendants
Motor vehicle operators
Ambulance drivers and attendants, except emergency medical technicians
Bus drivers
Bus drivers, transit and intercity
Bus drivers, school or special client
Light truck or delivery services drivers
Taxi drivers and chauffeurs
Motor vehicle operators, all other
Rail transportation workers
Locomotive engineers and operators
Locomotive engineers
Locomotive firers
Rail yard engineers, dinkey operators, and hostlers
Railroad brake, signal, and switch operators
Railroad conductors and yardmasters
Subway and streetcar operators
Rail transportation workers, all other
Water transportation workers
Sailors and marine oilers
Ship and boat captains and operators
Captains, mates, and pilots of water vessels
Motorboat operators
Ship engineers
Other transportation workers
Bridge and lock tenders
Parking lot attendants
Automotive and watercraft service attendants
Traffic technicians
Transportation inspectors
Transportation attendants, except flight attendants
Transportation workers, all other
Material moving workers
Conveyor operators and tenders
Crane and tower operators
Dredge, excavating, and loading machine operators
Dredge operators
Excavating and loading machine and dragline operators
Loading machine operators, underground mining
Hoist and winch operators
Industrial truck and tractor operators
Laborers and material movers, hand
Cleaners of vehicles and equipment
Laborers and freight, stock, and material movers, hand
Machine feeders and offbearers
Packers and packagers, hand
Pumping station operators
Gas compressor and gas pumping station operators
Pump operators, except wellhead pumpers
Wellhead pumpers
Refuse and recyclable material collectors
Mine shuttle car operators
Tank car, truck, and ship loaders
Material moving workers, all other
